<testsuites id="" name="" tests="84" failures="5" skipped="0" errors="0" time="99.84840799999999">
<testsuite name="auth.spec.ts" timestamp="2025-11-23T14:22:13.478Z" hostname="chromium" tests="5" failures="0" skipped="0" time="11.265" errors="0">
<testcase name="Valid login with standard user" classname="auth.spec.ts" time="2.209">
</testcase>
<testcase name="Invalid login (wrong password)" classname="auth.spec.ts" time="2.176">
</testcase>
<testcase name="Locked out user" classname="auth.spec.ts" time="2.094">
</testcase>
<testcase name="Logout redirects to login" classname="auth.spec.ts" time="2.951">
</testcase>
<testcase name="Session persists after reload" classname="auth.spec.ts" time="1.835">
</testcase>
</testsuite>
<testsuite name="checkout.spec.ts" timestamp="2025-11-23T14:22:13.478Z" hostname="chromium" tests="5" failures="0" skipped="0" time="10.335" errors="0">
<testcase name="Complete checkout with valid info" classname="checkout.spec.ts" time="2.08">
</testcase>
<testcase name="Missing postal code shows error" classname="checkout.spec.ts" time="2.587">
</testcase>
<testcase name="Verify total price calculation" classname="checkout.spec.ts" time="1.851">
</testcase>
<testcase name="Validate tax calculation" classname="checkout.spec.ts" time="1.925">
</testcase>
<testcase name="Cancel checkout keeps cart items" classname="checkout.spec.ts" time="1.892">
</testcase>
</testsuite>
<testsuite name="edge.spec.ts" timestamp="2025-11-23T14:22:13.478Z" hostname="chromium" tests="5" failures="0" skipped="0" time="11.886" errors="0">
<testcase name="Handle flaky add to cart button" classname="edge.spec.ts" time="1.779">
</testcase>
<testcase name="Checkout error message when missing info" classname="edge.spec.ts" time="1.961">
</testcase>
<testcase name="Checkout blocked when cart empty" classname="edge.spec.ts" time="1.514">
</testcase>
<testcase name="Redirect to login when accessing checkout without login" classname="edge.spec.ts" time="1.635">
</testcase>
<testcase name="App stable under network delay" classname="edge.spec.ts" time="4.997">
</testcase>
</testsuite>
<testsuite name="example.spec.ts" timestamp="2025-11-23T14:22:13.478Z" hostname="chromium" tests="2" failures="0" skipped="0" time="3.428" errors="0">
<testcase name="has title" classname="example.spec.ts" time="1.395">
</testcase>
<testcase name="get started link" classname="example.spec.ts" time="2.033">
</testcase>
</testsuite>
<testsuite name="products.spec.ts" timestamp="2025-11-23T14:22:13.478Z" hostname="chromium" tests="7" failures="1" skipped="0" time="30.528" errors="0">
<testcase name="Add multiple products and verify cart count" classname="products.spec.ts" time="2.052">
</testcase>
<testcase name="Remove product from cart" classname="products.spec.ts" time="1.794">
</testcase>
<testcase name="Add → remove → add again consistency" classname="products.spec.ts" time="2.173">
</testcase>
<testcase name="Verify product details match listing and detail page" classname="products.spec.ts" time="1.486">
</testcase>
<testcase name="Verify sorting price low → high" classname="products.spec.ts" time="20.081">
<failure message="products.spec.ts:55:5 Verify sorting price low → high" type="FAILURE">
<![CDATA[  [chromium] › products.spec.ts:55:5 › Verify sorting price low → high ─────────────────────────────

    TimeoutError: page.waitForSelector: Timeout 15000ms exceeded.
    Call log:
      - waiting for locator('[data-test=\'product_sort_container\']') to be visible


       at ..\pages\ProductsPage.ts:33

      31 |
      32 |   async sort(option: string) {
    > 33 |     await this.page.waitForSelector("[data-test='product_sort_container']", {
         |                     ^
      34 |       timeout: 15000
      35 |     });
      36 |     await this.sortDropdown.waitFor({ state: "visible" });
        at ProductsPage.sort (D:\VuongVu\ThucTap\UTEHY-Automation\pages\ProductsPage.ts:33:21)
        at D:\VuongVu\ThucTap\UTEHY-Automation\tests\products.spec.ts:60:18

    attachment #1: screenshot (image/png) ──────────────────────────────────────────────────────────
    ..\test-results\products-Verify-sorting-price-low-→-high-chromium\test-failed-1.png
    ────────────────────────────────────────────────────────────────────────────────────────────────

    attachment #2: video (video/webm) ──────────────────────────────────────────────────────────────
    ..\test-results\products-Verify-sorting-price-low-→-high-chromium\video.webm
    ────────────────────────────────────────────────────────────────────────────────────────────────

    Error Context: ..\test-results\products-Verify-sorting-price-low-→-high-chromium\error-context.md
]]>
</failure>
<system-out>
<![CDATA[
[[ATTACHMENT|test-results\products-Verify-sorting-price-low-→-high-chromium\test-failed-1.png]]

[[ATTACHMENT|test-results\products-Verify-sorting-price-low-→-high-chromium\video.webm]]

[[ATTACHMENT|test-results\products-Verify-sorting-price-low-→-high-chromium\error-context.md]]
]]>
</system-out>
</testcase>
<testcase name="Verify product images load" classname="products.spec.ts" time="1.297">
</testcase>
<testcase name="Cannot add product without login" classname="products.spec.ts" time="1.645">
</testcase>
</testsuite>
<testsuite name="ui.spec.ts" timestamp="2025-11-23T14:22:13.478Z" hostname="chromium" tests="4" failures="0" skipped="0" time="6.429" errors="0">
<testcase name="Menu items visible" classname="ui.spec.ts" time="1.671">
</testcase>
<testcase name="Responsive layout mobile vs desktop" classname="ui.spec.ts" time="1.464">
</testcase>
<testcase name="Checkout button disabled if cart empty" classname="ui.spec.ts" time="1.526">
</testcase>
<testcase name="Product image dimensions are consistent" classname="ui.spec.ts" time="1.768">
</testcase>
</testsuite>
<testsuite name="auth.spec.ts" timestamp="2025-11-23T14:22:13.478Z" hostname="firefox" tests="5" failures="0" skipped="0" time="35.328" errors="0">
<testcase name="Valid login with standard user" classname="auth.spec.ts" time="4.618">
</testcase>
<testcase name="Invalid login (wrong password)" classname="auth.spec.ts" time="2.863">
</testcase>
<testcase name="Locked out user" classname="auth.spec.ts" time="19.126">
</testcase>
<testcase name="Logout redirects to login" classname="auth.spec.ts" time="2.276">
</testcase>
<testcase name="Session persists after reload" classname="auth.spec.ts" time="6.445">
</testcase>
</testsuite>
<testsuite name="checkout.spec.ts" timestamp="2025-11-23T14:22:13.478Z" hostname="firefox" tests="5" failures="0" skipped="0" time="19.582" errors="0">
<testcase name="Complete checkout with valid info" classname="checkout.spec.ts" time="2.208">
</testcase>
<testcase name="Missing postal code shows error" classname="checkout.spec.ts" time="2.298">
</testcase>
<testcase name="Verify total price calculation" classname="checkout.spec.ts" time="2.732">
</testcase>
<testcase name="Validate tax calculation" classname="checkout.spec.ts" time="7.617">
</testcase>
<testcase name="Cancel checkout keeps cart items" classname="checkout.spec.ts" time="4.727">
</testcase>
</testsuite>
<testsuite name="edge.spec.ts" timestamp="2025-11-23T14:22:13.478Z" hostname="firefox" tests="5" failures="2" skipped="0" time="66.728" errors="0">
<testcase name="Handle flaky add to cart button" classname="edge.spec.ts" time="2.076">
</testcase>
<testcase name="Checkout error message when missing info" classname="edge.spec.ts" time="2.271">
</testcase>
<testcase name="Checkout blocked when cart empty" classname="edge.spec.ts" time="30.171">
<failure message="edge.spec.ts:27:5 Checkout blocked when cart empty" type="FAILURE">
<![CDATA[  [firefox] › edge.spec.ts:27:5 › Checkout blocked when cart empty ─────────────────────────────────

    Test timeout of 30000ms exceeded.

    Error: page.click: Test timeout of 30000ms exceeded.
    Call log:
      - waiting for locator('#login-button')
        - locator resolved to <input type="submit" value="Login" id="login-button" name="login-button" data-test="login-button" class="submit-button btn_action"/>
      - attempting click action
        - waiting for element to be visible, enabled and stable
        - element is visible, enabled and stable
        - scrolling into view if needed
        - done scrolling
        - performing click action


       at ..\utils\helpers.ts:7

      5 |   await page.fill("#user-name", "standard_user");
      6 |   await page.fill("#password", "secret_sauce");
    > 7 |   await page.click("#login-button");
        |              ^
      8 | }
        at login (D:\VuongVu\ThucTap\UTEHY-Automation\utils\helpers.ts:7:14)
        at D:\VuongVu\ThucTap\UTEHY-Automation\tests\edge.spec.ts:28:3

    attachment #1: screenshot (image/png) ──────────────────────────────────────────────────────────
    ..\test-results\edge-Checkout-blocked-when-cart-empty-firefox\test-failed-1.png
    ────────────────────────────────────────────────────────────────────────────────────────────────

    attachment #2: video (video/webm) ──────────────────────────────────────────────────────────────
    ..\test-results\edge-Checkout-blocked-when-cart-empty-firefox\video.webm
    ────────────────────────────────────────────────────────────────────────────────────────────────

    Error Context: ..\test-results\edge-Checkout-blocked-when-cart-empty-firefox\error-context.md
]]>
</failure>
<system-out>
<![CDATA[
[[ATTACHMENT|test-results\edge-Checkout-blocked-when-cart-empty-firefox\test-failed-1.png]]

[[ATTACHMENT|test-results\edge-Checkout-blocked-when-cart-empty-firefox\video.webm]]

[[ATTACHMENT|test-results\edge-Checkout-blocked-when-cart-empty-firefox\error-context.md]]
]]>
</system-out>
</testcase>
<testcase name="Redirect to login when accessing checkout without login" classname="edge.spec.ts" time="1.987">
</testcase>
<testcase name="App stable under network delay" classname="edge.spec.ts" time="30.223">
<failure message="edge.spec.ts:42:5 App stable under network delay" type="FAILURE">
<![CDATA[  [firefox] › edge.spec.ts:42:5 › App stable under network delay ───────────────────────────────────

    Test timeout of 30000ms exceeded.

    Error: page.click: Test timeout of 30000ms exceeded.
    Call log:
      - waiting for locator('#login-button')
        - locator resolved to <input type="submit" value="Login" id="login-button" name="login-button" data-test="login-button" class="submit-button btn_action"/>
      - attempting click action
        - waiting for element to be visible, enabled and stable
        - element is visible, enabled and stable
        - scrolling into view if needed
        - done scrolling
        - performing click action


       at ..\utils\helpers.ts:7

      5 |   await page.fill("#user-name", "standard_user");
      6 |   await page.fill("#password", "secret_sauce");
    > 7 |   await page.click("#login-button");
        |              ^
      8 | }
        at login (D:\VuongVu\ThucTap\UTEHY-Automation\utils\helpers.ts:7:14)
        at D:\VuongVu\ThucTap\UTEHY-Automation\tests\edge.spec.ts:48:3

    attachment #1: screenshot (image/png) ──────────────────────────────────────────────────────────
    ..\test-results\edge-App-stable-under-network-delay-firefox\test-failed-1.png
    ────────────────────────────────────────────────────────────────────────────────────────────────

    attachment #2: video (video/webm) ──────────────────────────────────────────────────────────────
    ..\test-results\edge-App-stable-under-network-delay-firefox\video.webm
    ────────────────────────────────────────────────────────────────────────────────────────────────

    Error Context: ..\test-results\edge-App-stable-under-network-delay-firefox\error-context.md
]]>
</failure>
<system-out>
<![CDATA[
[[ATTACHMENT|test-results\edge-App-stable-under-network-delay-firefox\test-failed-1.png]]

[[ATTACHMENT|test-results\edge-App-stable-under-network-delay-firefox\video.webm]]

[[ATTACHMENT|test-results\edge-App-stable-under-network-delay-firefox\error-context.md]]
]]>
</system-out>
</testcase>
</testsuite>
<testsuite name="example.spec.ts" timestamp="2025-11-23T14:22:13.478Z" hostname="firefox" tests="2" failures="0" skipped="0" time="5.799" errors="0">
<testcase name="has title" classname="example.spec.ts" time="3.382">
</testcase>
<testcase name="get started link" classname="example.spec.ts" time="2.417">
</testcase>
</testsuite>
<testsuite name="products.spec.ts" timestamp="2025-11-23T14:22:13.478Z" hostname="firefox" tests="7" failures="1" skipped="0" time="35.145" errors="0">
<testcase name="Add multiple products and verify cart count" classname="products.spec.ts" time="5.227">
</testcase>
<testcase name="Remove product from cart" classname="products.spec.ts" time="2.014">
</testcase>
<testcase name="Add → remove → add again consistency" classname="products.spec.ts" time="2.373">
</testcase>
<testcase name="Verify product details match listing and detail page" classname="products.spec.ts" time="1.481">
</testcase>
<testcase name="Verify sorting price low → high" classname="products.spec.ts" time="20.289">
<failure message="products.spec.ts:55:5 Verify sorting price low → high" type="FAILURE">
<![CDATA[  [firefox] › products.spec.ts:55:5 › Verify sorting price low → high ──────────────────────────────

    TimeoutError: page.waitForSelector: Timeout 15000ms exceeded.
    Call log:
      - waiting for locator('[data-test=\'product_sort_container\']') to be visible


       at ..\pages\ProductsPage.ts:33

      31 |
      32 |   async sort(option: string) {
    > 33 |     await this.page.waitForSelector("[data-test='product_sort_container']", {
         |                     ^
      34 |       timeout: 15000
      35 |     });
      36 |     await this.sortDropdown.waitFor({ state: "visible" });
        at ProductsPage.sort (D:\VuongVu\ThucTap\UTEHY-Automation\pages\ProductsPage.ts:33:21)
        at D:\VuongVu\ThucTap\UTEHY-Automation\tests\products.spec.ts:60:18

    attachment #1: screenshot (image/png) ──────────────────────────────────────────────────────────
    ..\test-results\products-Verify-sorting-price-low-→-high-firefox\test-failed-1.png
    ────────────────────────────────────────────────────────────────────────────────────────────────

    attachment #2: video (video/webm) ──────────────────────────────────────────────────────────────
    ..\test-results\products-Verify-sorting-price-low-→-high-firefox\video.webm
    ────────────────────────────────────────────────────────────────────────────────────────────────

    Error Context: ..\test-results\products-Verify-sorting-price-low-→-high-firefox\error-context.md
]]>
</failure>
<system-out>
<![CDATA[
[[ATTACHMENT|test-results\products-Verify-sorting-price-low-→-high-firefox\test-failed-1.png]]

[[ATTACHMENT|test-results\products-Verify-sorting-price-low-→-high-firefox\video.webm]]

[[ATTACHMENT|test-results\products-Verify-sorting-price-low-→-high-firefox\error-context.md]]
]]>
</system-out>
</testcase>
<testcase name="Verify product images load" classname="products.spec.ts" time="1.778">
</testcase>
<testcase name="Cannot add product without login" classname="products.spec.ts" time="1.983">
</testcase>
</testsuite>
<testsuite name="ui.spec.ts" timestamp="2025-11-23T14:22:13.478Z" hostname="firefox" tests="4" failures="0" skipped="0" time="6.94" errors="0">
<testcase name="Menu items visible" classname="ui.spec.ts" time="1.657">
</testcase>
<testcase name="Responsive layout mobile vs desktop" classname="ui.spec.ts" time="1.664">
</testcase>
<testcase name="Checkout button disabled if cart empty" classname="ui.spec.ts" time="1.704">
</testcase>
<testcase name="Product image dimensions are consistent" classname="ui.spec.ts" time="1.915">
</testcase>
</testsuite>
<testsuite name="auth.spec.ts" timestamp="2025-11-23T14:22:13.478Z" hostname="webkit" tests="5" failures="0" skipped="0" time="7.881" errors="0">
<testcase name="Valid login with standard user" classname="auth.spec.ts" time="1.508">
</testcase>
<testcase name="Invalid login (wrong password)" classname="auth.spec.ts" time="1.034">
</testcase>
<testcase name="Locked out user" classname="auth.spec.ts" time="1.101">
</testcase>
<testcase name="Logout redirects to login" classname="auth.spec.ts" time="2.102">
</testcase>
<testcase name="Session persists after reload" classname="auth.spec.ts" time="2.136">
</testcase>
</testsuite>
<testsuite name="checkout.spec.ts" timestamp="2025-11-23T14:22:13.478Z" hostname="webkit" tests="5" failures="0" skipped="0" time="16.92" errors="0">
<testcase name="Complete checkout with valid info" classname="checkout.spec.ts" time="4.414">
</testcase>
<testcase name="Missing postal code shows error" classname="checkout.spec.ts" time="3.319">
</testcase>
<testcase name="Verify total price calculation" classname="checkout.spec.ts" time="3.694">
</testcase>
<testcase name="Validate tax calculation" classname="checkout.spec.ts" time="2.658">
</testcase>
<testcase name="Cancel checkout keeps cart items" classname="checkout.spec.ts" time="2.835">
</testcase>
</testsuite>
<testsuite name="edge.spec.ts" timestamp="2025-11-23T14:22:13.478Z" hostname="webkit" tests="5" failures="0" skipped="0" time="13.164" errors="0">
<testcase name="Handle flaky add to cart button" classname="edge.spec.ts" time="2.175">
</testcase>
<testcase name="Checkout error message when missing info" classname="edge.spec.ts" time="2.439">
</testcase>
<testcase name="Checkout blocked when cart empty" classname="edge.spec.ts" time="2.32">
</testcase>
<testcase name="Redirect to login when accessing checkout without login" classname="edge.spec.ts" time="1.406">
</testcase>
<testcase name="App stable under network delay" classname="edge.spec.ts" time="4.824">
</testcase>
</testsuite>
<testsuite name="example.spec.ts" timestamp="2025-11-23T14:22:13.478Z" hostname="webkit" tests="2" failures="0" skipped="0" time="4.737" errors="0">
<testcase name="has title" classname="example.spec.ts" time="1.883">
</testcase>
<testcase name="get started link" classname="example.spec.ts" time="2.854">
</testcase>
</testsuite>
<testsuite name="products.spec.ts" timestamp="2025-11-23T14:22:13.478Z" hostname="webkit" tests="7" failures="1" skipped="0" time="31.848" errors="0">
<testcase name="Add multiple products and verify cart count" classname="products.spec.ts" time="2.397">
</testcase>
<testcase name="Remove product from cart" classname="products.spec.ts" time="2.484">
</testcase>
<testcase name="Add → remove → add again consistency" classname="products.spec.ts" time="2.914">
</testcase>
<testcase name="Verify product details match listing and detail page" classname="products.spec.ts" time="1.94">
</testcase>
<testcase name="Verify sorting price low → high" classname="products.spec.ts" time="17.613">
<failure message="products.spec.ts:55:5 Verify sorting price low → high" type="FAILURE">
<![CDATA[  [webkit] › products.spec.ts:55:5 › Verify sorting price low → high ───────────────────────────────

    TimeoutError: page.waitForSelector: Timeout 15000ms exceeded.
    Call log:
      - waiting for locator('[data-test=\'product_sort_container\']') to be visible


       at ..\pages\ProductsPage.ts:33

      31 |
      32 |   async sort(option: string) {
    > 33 |     await this.page.waitForSelector("[data-test='product_sort_container']", {
         |                     ^
      34 |       timeout: 15000
      35 |     });
      36 |     await this.sortDropdown.waitFor({ state: "visible" });
        at ProductsPage.sort (D:\VuongVu\ThucTap\UTEHY-Automation\pages\ProductsPage.ts:33:21)
        at D:\VuongVu\ThucTap\UTEHY-Automation\tests\products.spec.ts:60:18

    attachment #1: screenshot (image/png) ──────────────────────────────────────────────────────────
    ..\test-results\products-Verify-sorting-price-low-→-high-webkit\test-failed-1.png
    ────────────────────────────────────────────────────────────────────────────────────────────────

    attachment #2: video (video/webm) ──────────────────────────────────────────────────────────────
    ..\test-results\products-Verify-sorting-price-low-→-high-webkit\video.webm
    ────────────────────────────────────────────────────────────────────────────────────────────────

    Error Context: ..\test-results\products-Verify-sorting-price-low-→-high-webkit\error-context.md
]]>
</failure>
<system-out>
<![CDATA[
[[ATTACHMENT|test-results\products-Verify-sorting-price-low-→-high-webkit\test-failed-1.png]]

[[ATTACHMENT|test-results\products-Verify-sorting-price-low-→-high-webkit\video.webm]]

[[ATTACHMENT|test-results\products-Verify-sorting-price-low-→-high-webkit\error-context.md]]
]]>
</system-out>
</testcase>
<testcase name="Verify product images load" classname="products.spec.ts" time="1.712">
</testcase>
<testcase name="Cannot add product without login" classname="products.spec.ts" time="2.788">
</testcase>
</testsuite>
<testsuite name="ui.spec.ts" timestamp="2025-11-23T14:22:13.478Z" hostname="webkit" tests="4" failures="0" skipped="0" time="7.794" errors="0">
<testcase name="Menu items visible" classname="ui.spec.ts" time="2.139">
</testcase>
<testcase name="Responsive layout mobile vs desktop" classname="ui.spec.ts" time="1.412">
</testcase>
<testcase name="Checkout button disabled if cart empty" classname="ui.spec.ts" time="1.637">
</testcase>
<testcase name="Product image dimensions are consistent" classname="ui.spec.ts" time="2.606">
</testcase>
</testsuite>
</testsuites>